Starting engine with content at F:\untitled game.
Push Focus - Element is: b3141d92-7164-4926-b221-e285ca85d552
Push Focus - Select All is: False; Select Random is: False
Restore Party - Include Inactive Members: True; Restore Statistics: True; Restore Status Effects: False
Restore Party - Restored 1 Member(s)
Open Overlay - Overlay: 75acb41a-ed59-418d-8dfb-0bb50c06f302; Store ID: False
Open Overlay - Created Instance of Overlay: UI; Unique ID: 32194cc8-f83f-45b3-8d44-8b2a0aad6cb6
Save Value - Source: Party
Save Value - Variable: 1; Property: Map X (Feet)
Save Value - Source: Party
Save Value - Variable: 2; Property: Map Y (Feet)
Save Value - Source: Party
Save Value - Variable: 3; Property: Map Z (Feet)
Save Value - Source: Party
Save Value - Variable: 4; Property: All Members - Unique ID
Get Tile Information - Coordinates: (7, 0, 8)
Get Tile Information - Height at Layer Tile: 0
Get Tile Information - Tile Tag: 0
Wait - Duration (Milliseconds): 250ms; Block Input: False
Save Value - Source: Party
Save Value - Variable: 1; Property: Map X (Feet)
Save Value - Source: Party
Save Value - Variable: 2; Property: Map Y (Feet)
Save Value - Source: Party
Save Value - Variable: 3; Property: Map Z (Feet)
Save Value - Source: Party
Save Value - Variable: 4; Property: All Members - Unique ID
Get Tile Information - Coordinates: (7, 0, 8)
Get Tile Information - Height at Layer Tile: 0
Get Tile Information - Tile Tag: 0
Wait - Duration (Milliseconds): 250ms; Block Input: False
Save Value - Source: Party
Save Value - Variable: 1; Property: Map X (Feet)
Save Value - Source: Party
Save Value - Variable: 2; Property: Map Y (Feet)
Save Value - Source: Party
Save Value - Variable: 3; Property: Map Z (Feet)
Save Value - Source: Party
Save Value - Variable: 4; Property: All Members - Unique ID
Get Tile Information - Coordinates: (7, 0, 8)
Get Tile Information - Height at Layer Tile: 0
Get Tile Information - Tile Tag: 0
Wait - Duration (Milliseconds): 250ms; Block Input: False
Resource - Texture UI\save icon.png - Failed to Load: Could not find file 'F:\untitled game\Content\UI\save icon.png'.
Set Character Animation - Setting to: chopping
Wait - Duration (Milliseconds): 1000ms; Block Input: False
Spawn Entity - Adding Entity: 0; Position: (7, 0.375, 8); Resulting Unique ID: 77bb1031-f028-4d4b-a190-74dae3b639a1
Set Character Animation - Resetting Pose
Set Character Animation - Setting to: chopping
Wait - Duration (Milliseconds): 1000ms; Block Input: False
Spawn Entity - Adding Entity: 1; Position: (7, 0.375, 8); Resulting Unique ID: 90c69ea5-0793-4a79-a762-98ce137bc0ea
Set Character Animation - Resetting Pose
Toggle User Interface Element Visibility - User Interface Element is: bca7efe5-5afa-4474-9136-1bdc4b902364
Toggle User Interface Element Visibility - Visibility is: True
Push Focus - Element is: bca7efe5-5afa-4474-9136-1bdc4b902364
Push Focus - Select All is: False; Select Random is: False
Set Character Animation - Setting to: chopping
Wait - Duration (Milliseconds): 1000ms; Block Input: False
Spawn Entity - Adding Entity: 0; Position: (7, 0.375, 8); Resulting Unique ID: b0022592-771e-46c2-a550-56ab0f9ddeda
Set Character Animation - Resetting Pose
Set Character Animation - Setting to: chopping
Wait - Duration (Milliseconds): 1000ms; Block Input: False
Spawn Entity - Adding Entity: 1; Position: (7, 0.375, 8); Resulting Unique ID: 17f33918-c133-4b74-8f54-eb032c892cd7
Set Character Animation - Resetting Pose
Set Character Animation - Setting to: chopping
Wait - Duration (Milliseconds): 1000ms; Block Input: False
Save Value - Source: Party
Save Value - Variable: 1; Property: Map X (Feet)
Save Value - Source: Party
Save Value - Variable: 2; Property: Map Y (Feet)
Save Value - Source: Party
Save Value - Variable: 3; Property: Map Z (Feet)
Save Value - Source: Party
Save Value - Variable: 4; Property: All Members - Unique ID
Get Tile Information - Coordinates: (7, 0, 8)
Get Tile Information - Height at Layer Tile: 0
Get Tile Information - Tile Tag: 0
Wait - Duration (Milliseconds): 250ms; Block Input: False
Save Value - Source: Party
Save Value - Variable: 1; Property: Map X (Feet)
Save Value - Source: Party
Save Value - Variable: 2; Property: Map Y (Feet)
Save Value - Source: Party
Save Value - Variable: 3; Property: Map Z (Feet)
Save Value - Source: Party
Save Value - Variable: 4; Property: All Members - Unique ID
Get Tile Information - Coordinates: (7, 0, 8)
Get Tile Information - Height at Layer Tile: 0
Get Tile Information - Tile Tag: 0
Wait - Duration (Milliseconds): 250ms; Block Input: False
Spawn Entity - Adding Entity: 0; Position: (7, 0.375, 8); Resulting Unique ID: 24d35f45-7f4b-475c-9384-177b7ca51a08
Set Character Animation - Resetting Pose
Save Value - Source: Party
Save Value - Variable: 1; Property: Map X (Feet)
Save Value - Source: Party
Save Value - Variable: 2; Property: Map Y (Feet)
Save Value - Source: Party
Save Value - Variable: 3; Property: Map Z (Feet)
Save Value - Source: Party
Save Value - Variable: 4; Property: All Members - Unique ID
Get Tile Information - Coordinates: (7, 0, 8)
Get Tile Information - Height at Layer Tile: 0
Get Tile Information - Tile Tag: 0
Wait - Duration (Milliseconds): 250ms; Block Input: False
Set Character Animation - Setting to: chopping
Wait - Duration (Milliseconds): 1000ms; Block Input: False
Toggle User Interface Element Visibility - User Interface Element is: 38453316-e4be-474d-8ab4-f0e02ade6534
Toggle User Interface Element Visibility - Visibility is: True
Push Focus - Element is: 38453316-e4be-474d-8ab4-f0e02ade6534
Push Focus - Element is: bca7efe5-5afa-4474-9136-1bdc4b902364
Push Focus - Select All is: False; Select Random is: False
Toggle User Interface Element Visibility - User Interface Element is: 9f37691e-df70-4183-9885-147abce45195
Toggle User Interface Element Visibility - Visibility is: False
Push Focus - Select All is: False; Select Random is: False
Spawn Entity - Adding Entity: 0; Position: (7, 0.375, 8); Resulting Unique ID: 1f677097-7ecf-409d-8866-cc2f4611f5ce
Set Character Animation - Resetting Pose
Load State - State Index Resolved to #1; Use Transition: True
Load State - Failed (No Valid State Found at Index #1)
Set Character Animation - Setting to: chopping
Wait - Duration (Milliseconds): 1000ms; Block Input: False
Load State - State Index Resolved to #1; Use Transition: True
Load State - Failed (No Valid State Found at Index #1)
Spawn Entity - Adding Entity: 1; Position: (7, 0.375, 8); Resulting Unique ID: 0c060522-6feb-458b-aa9a-216cc685e6b2
Set Character Animation - Resetting Pose
Load State - State Index Resolved to #1; Use Transition: True
Load State - Failed (No Valid State Found at Index #1)
Set Character Animation - Setting to: chopping
Wait - Duration (Milliseconds): 1000ms; Block Input: False
Load State - State Index Resolved to #1; Use Transition: True
Load State - Failed (No Valid State Found at Index #1)
Load State - State Index Resolved to #1; Use Transition: True
Load State - Failed (No Valid State Found at Index #1)
Load State - State Index Resolved to #1; Use Transition: True
Load State - Failed (No Valid State Found at Index #1)
Load State - State Index Resolved to #1; Use Transition: True
Load State - Failed (No Valid State Found at Index #1)
Load State - State Index Resolved to #1; Use Transition: True
Load State - Failed (No Valid State Found at Index #1)
Spawn Entity - Adding Entity: 0; Position: (7, 0.375, 8); Resulting Unique ID: 8d7a661f-88c1-42e7-affd-d97675ff1b1a
Set Character Animation - Resetting Pose
Load State - State Index Resolved to #1; Use Transition: True
Load State - Failed (No Valid State Found at Index #1)
Set Character Animation - Setting to: chopping
Wait - Duration (Milliseconds): 1000ms; Block Input: False
Spawn Entity - Adding Entity: 1; Position: (7, 0.375, 8); Resulting Unique ID: 21997191-5f81-4570-80a4-88dfe97d02ea
Set Character Animation - Resetting Pose
Set Character Animation - Setting to: chopping
Wait - Duration (Milliseconds): 1000ms; Block Input: False
Save Value - Source: Party
Save Value - Variable: 1; Property: Map X (Feet)
Save Value - Source: Party
Save Value - Variable: 2; Property: Map Y (Feet)
Save Value - Source: Party
Save Value - Variable: 3; Property: Map Z (Feet)
Save Value - Source: Party
Save Value - Variable: 4; Property: All Members - Unique ID
Get Tile Information - Coordinates: (7, 0, 8)
Get Tile Information - Height at Layer Tile: 0
Get Tile Information - Tile Tag: 0
Wait - Duration (Milliseconds): 250ms; Block Input: False
Save Value - Source: Party
Save Value - Variable: 1; Property: Map X (Feet)
Save Value - Source: Party
Save Value - Variable: 2; Property: Map Y (Feet)
Save Value - Source: Party
Save Value - Variable: 3; Property: Map Z (Feet)
Save Value - Source: Party
Save Value - Variable: 4; Property: All Members - Unique ID
Get Tile Information - Coordinates: (7, 0, 8)
Get Tile Information - Height at Layer Tile: 0
Get Tile Information - Tile Tag: 0
Wait - Duration (Milliseconds): 250ms; Block Input: False
Save Value - Source: Party
Save Value - Variable: 1; Property: Map X (Feet)
Save Value - Source: Party
Save Value - Variable: 2; Property: Map Y (Feet)
Save Value - Source: Party
Save Value - Variable: 3; Property: Map Z (Feet)
Save Value - Source: Party
Save Value - Variable: 4; Property: All Members - Unique ID
Get Tile Information - Coordinates: (7, 0, 8)
Get Tile Information - Height at Layer Tile: 0
Get Tile Information - Tile Tag: 0
Wait - Duration (Milliseconds): 250ms; Block Input: False
Save Value - Source: Party
Save Value - Variable: 1; Property: Map X (Feet)
Save Value - Source: Party
Save Value - Variable: 2; Property: Map Y (Feet)
Save Value - Source: Party
Save Value - Variable: 3; Property: Map Z (Feet)
Save Value - Source: Party
Save Value - Variable: 4; Property: All Members - Unique ID
Get Tile Information - Coordinates: (7, 0, 8)
Get Tile Information - Height at Layer Tile: 0
Get Tile Information - Tile Tag: 0
Wait - Duration (Milliseconds): 250ms; Block Input: False
Spawn Entity - Adding Entity: 0; Position: (7, 0.375, 8); Resulting Unique ID: 01ac93fc-6334-4f04-a6f7-97424d878906
Set Character Animation - Resetting Pose
Save Value - Source: Party
Save Value - Variable: 1; Property: Map X (Feet)
Save Value - Source: Party
Save Value - Variable: 2; Property: Map Y (Feet)
Save Value - Source: Party
Save Value - Variable: 3; Property: Map Z (Feet)
Save Value - Source: Party
Save Value - Variable: 4; Property: All Members - Unique ID
Get Tile Information - Coordinates: (7, 0, 8)
Get Tile Information - Height at Layer Tile: 0
Get Tile Information - Tile Tag: 0
Wait - Duration (Milliseconds): 250ms; Block Input: False
Save Value - Source: Party
Save Value - Variable: 1; Property: Map X (Feet)
Save Value - Source: Party
Save Value - Variable: 2; Property: Map Y (Feet)
Save Value - Source: Party
Save Value - Variable: 3; Property: Map Z (Feet)
Save Value - Source: Party
Save Value - Variable: 4; Property: All Members - Unique ID
Get Tile Information - Coordinates: (7, 0, 8)
Get Tile Information - Height at Layer Tile: 0
Get Tile Information - Tile Tag: 0
Wait - Duration (Milliseconds): 250ms; Block Input: False
Save Value - Source: Party
Save Value - Variable: 1; Property: Map X (Feet)
Save Value - Source: Party
Save Value - Variable: 2; Property: Map Y (Feet)
Save Value - Source: Party
Save Value - Variable: 3; Property: Map Z (Feet)
Save Value - Source: Party
Save Value - Variable: 4; Property: All Members - Unique ID
Get Tile Information - Coordinates: (7, 0, 7.97)
Get Tile Information - Height at Layer Tile: 0
Get Tile Information - Tile Tag: 0
Wait - Duration (Milliseconds): 250ms; Block Input: False
Save Value - Source: Party
Save Value - Variable: 1; Property: Map X (Feet)
Save Value - Source: Party
Save Value - Variable: 2; Property: Map Y (Feet)
Save Value - Source: Party
Save Value - Variable: 3; Property: Map Z (Feet)
Save Value - Source: Party
Save Value - Variable: 4; Property: All Members - Unique ID
Get Tile Information - Coordinates: (7, 0, 7.71)
Get Tile Information - Height at Layer Tile: 0
Get Tile Information - Tile Tag: 0
Wait - Duration (Milliseconds): 250ms; Block Input: False
Save Value - Source: Party
Save Value - Variable: 1; Property: Map X (Feet)
Save Value - Source: Party
Save Value - Variable: 2; Property: Map Y (Feet)
Save Value - Source: Party
Save Value - Variable: 3; Property: Map Z (Feet)
Save Value - Source: Party
Save Value - Variable: 4; Property: All Members - Unique ID
Get Tile Information - Coordinates: (7, 0, 7.45)
Get Tile Information - Height at Layer Tile: 0
Get Tile Information - Tile Tag: 0
Wait - Duration (Milliseconds): 250ms; Block Input: False
Alter Physics Properties - Speed Changed to (4, 4, 4)
Save Value - Source: Party
Save Value - Variable: 1; Property: Map X (Feet)
Save Value - Source: Party
Save Value - Variable: 2; Property: Map Y (Feet)
Save Value - Source: Party
Save Value - Variable: 3; Property: Map Z (Feet)
Save Value - Source: Party
Save Value - Variable: 4; Property: All Members - Unique ID
Get Tile Information - Coordinates: (7, 0, 6.68)
Get Tile Information - Height at Layer Tile: 0
Get Tile Information - Tile Tag: 0
Wait - Duration (Milliseconds): 250ms; Block Input: False
Alter Physics Properties - Speed Changed to (1.5, 1.5, 1.5)
Save Value - Source: Party
Save Value - Variable: 1; Property: Map X (Feet)
Save Value - Source: Party
Save Value - Variable: 2; Property: Map Y (Feet)
Save Value - Source: Party
Save Value - Variable: 3; Property: Map Z (Feet)
Save Value - Source: Party
Save Value - Variable: 4; Property: All Members - Unique ID
Get Tile Information - Coordinates: (7, 0, 6.03)
Get Tile Information - Height at Layer Tile: 0
Get Tile Information - Tile Tag: 0
Wait - Duration (Milliseconds): 250ms; Block Input: False
Save Value - Source: Party
Save Value - Variable: 1; Property: Map X (Feet)
Save Value - Source: Party
Save Value - Variable: 2; Property: Map Y (Feet)
Save Value - Source: Party
Save Value - Variable: 3; Property: Map Z (Feet)
Save Value - Source: Party
Save Value - Variable: 4; Property: All Members - Unique ID
Get Tile Information - Coordinates: (7, 0, 6.42)
Get Tile Information - Height at Layer Tile: 0
Get Tile Information - Tile Tag: 0
Wait - Duration (Milliseconds): 250ms; Block Input: False
Alter Physics Properties - Speed Changed to (4.5, 4.5, 4.5)
Save Value - Source: Party
Save Value - Variable: 1; Property: Map X (Feet)
Save Value - Source: Party
Save Value - Variable: 2; Property: Map Y (Feet)
Save Value - Source: Party
Save Value - Variable: 3; Property: Map Z (Feet)
Save Value - Source: Party
Save Value - Variable: 4; Property: All Members - Unique ID
Get Tile Information - Coordinates: (7, -0.001, 7.584)
Get Tile Information - Height at Layer Tile: 0
Get Tile Information - Tile Tag: 0
Wait - Duration (Milliseconds): 250ms; Block Input: False
Alter Physics Properties - Speed Changed to (1.5, 1.5, 1.5)
Set Character Animation - Setting to: chopping
Wait - Duration (Milliseconds): 1000ms; Block Input: False
Save Value - Source: Party
Save Value - Variable: 1; Property: Map X (Feet)
Save Value - Source: Party
Save Value - Variable: 2; Property: Map Y (Feet)
Save Value - Source: Party
Save Value - Variable: 3; Property: Map Z (Feet)
Save Value - Source: Party
Save Value - Variable: 4; Property: All Members - Unique ID
Get Tile Information - Coordinates: (7, 0, 8)
Get Tile Information - Height at Layer Tile: 0
Get Tile Information - Tile Tag: 0
Wait - Duration (Milliseconds): 250ms; Block Input: False
Save Value - Source: Party
Save Value - Variable: 1; Property: Map X (Feet)
Save Value - Source: Party
Save Value - Variable: 2; Property: Map Y (Feet)
Save Value - Source: Party
Save Value - Variable: 3; Property: Map Z (Feet)
Save Value - Source: Party
Save Value - Variable: 4; Property: All Members - Unique ID
Get Tile Information - Coordinates: (7, 0, 8)
Get Tile Information - Height at Layer Tile: 0
Get Tile Information - Tile Tag: 0
Wait - Duration (Milliseconds): 250ms; Block Input: False
Save Value - Source: Party
Save Value - Variable: 1; Property: Map X (Feet)
Save Value - Source: Party
Save Value - Variable: 2; Property: Map Y (Feet)
Save Value - Source: Party
Save Value - Variable: 3; Property: Map Z (Feet)
Save Value - Source: Party
Save Value - Variable: 4; Property: All Members - Unique ID
Get Tile Information - Coordinates: (7, 0, 8)
Get Tile Information - Height at Layer Tile: 0
Get Tile Information - Tile Tag: 0
Wait - Duration (Milliseconds): 250ms; Block Input: False
Spawn Entity - Adding Entity: 1; Position: (7, 0.375, 8); Resulting Unique ID: c3201471-b020-4fbb-a34a-00beb4154ffb
Set Character Animation - Resetting Pose
Save Value - Source: Party
Save Value - Variable: 1; Property: Map X (Feet)
Save Value - Source: Party
Save Value - Variable: 2; Property: Map Y (Feet)
Save Value - Source: Party
Save Value - Variable: 3; Property: Map Z (Feet)
Save Value - Source: Party
Save Value - Variable: 4; Property: All Members - Unique ID
Get Tile Information - Coordinates: (7, 0, 8)
Get Tile Information - Height at Layer Tile: 0
Get Tile Information - Tile Tag: 0
Wait - Duration (Milliseconds): 250ms; Block Input: False
Save Value - Source: Party
Save Value - Variable: 1; Property: Map X (Feet)
Save Value - Source: Party
Save Value - Variable: 2; Property: Map Y (Feet)
Save Value - Source: Party
Save Value - Variable: 3; Property: Map Z (Feet)
Save Value - Source: Party
Save Value - Variable: 4; Property: All Members - Unique ID
Get Tile Information - Coordinates: (7, 0, 8)
Get Tile Information - Height at Layer Tile: 0
Get Tile Information - Tile Tag: 0
Wait - Duration (Milliseconds): 250ms; Block Input: False
Save Value - Source: Party
Save Value - Variable: 1; Property: Map X (Feet)
Save Value - Source: Party
Save Value - Variable: 2; Property: Map Y (Feet)
Save Value - Source: Party
Save Value - Variable: 3; Property: Map Z (Feet)
Save Value - Source: Party
Save Value - Variable: 4; Property: All Members - Unique ID
Get Tile Information - Coordinates: (7, 0, 7.745)
Get Tile Information - Height at Layer Tile: 0
Get Tile Information - Tile Tag: 0
Wait - Duration (Milliseconds): 250ms; Block Input: False
Save Value - Source: Party
Save Value - Variable: 1; Property: Map X (Feet)
Save Value - Source: Party
Save Value - Variable: 2; Property: Map Y (Feet)
Save Value - Source: Party
Save Value - Variable: 3; Property: Map Z (Feet)
Save Value - Source: Party
Save Value - Variable: 4; Property: All Members - Unique ID
Get Tile Information - Coordinates: (7, 0, 7.34)
Get Tile Information - Height at Layer Tile: 0
Get Tile Information - Tile Tag: 0
Wait - Duration (Milliseconds): 250ms; Block Input: False
Set Character Animation - Setting to: chopping
Wait - Duration (Milliseconds): 1000ms; Block Input: False
Save Value - Source: Party
Save Value - Variable: 1; Property: Map X (Feet)
Save Value - Source: Party
Save Value - Variable: 2; Property: Map Y (Feet)
Save Value - Source: Party
Save Value - Variable: 3; Property: Map Z (Feet)
Save Value - Source: Party
Save Value - Variable: 4; Property: All Members - Unique ID
Get Tile Information - Coordinates: (7, 0, 7)
Get Tile Information - Height at Layer Tile: 0
Get Tile Information - Tile Tag: 0
Wait - Duration (Milliseconds): 250ms; Block Input: False
Save Value - Source: Party
Save Value - Variable: 1; Property: Map X (Feet)
Save Value - Source: Party
Save Value - Variable: 2; Property: Map Y (Feet)
Save Value - Source: Party
Save Value - Variable: 3; Property: Map Z (Feet)
Save Value - Source: Party
Save Value - Variable: 4; Property: All Members - Unique ID
Get Tile Information - Coordinates: (7, 0, 7)
Get Tile Information - Height at Layer Tile: 0
Get Tile Information - Tile Tag: 0
Wait - Duration (Milliseconds): 250ms; Block Input: False
Save Value - Source: Party
Save Value - Variable: 1; Property: Map X (Feet)
Save Value - Source: Party
Save Value - Variable: 2; Property: Map Y (Feet)
Save Value - Source: Party
Save Value - Variable: 3; Property: Map Z (Feet)
Save Value - Source: Party
Save Value - Variable: 4; Property: All Members - Unique ID
Get Tile Information - Coordinates: (7, 0, 7)
Get Tile Information - Height at Layer Tile: 0
Get Tile Information - Tile Tag: 0
Wait - Duration (Milliseconds): 250ms; Block Input: False
Save Value - Source: Party
Save Value - Variable: 1; Property: Map X (Feet)
Save Value - Source: Party
Save Value - Variable: 2; Property: Map Y (Feet)
Save Value - Source: Party
Save Value - Variable: 3; Property: Map Z (Feet)
Save Value - Source: Party
Save Value - Variable: 4; Property: All Members - Unique ID
Get Tile Information - Coordinates: (7, 0, 7)
Get Tile Information - Height at Layer Tile: 0
Get Tile Information - Tile Tag: 0
Wait - Duration (Milliseconds): 250ms; Block Input: False
Spawn Entity - Adding Entity: 0; Position: (7, 0.375, 7); Resulting Unique ID: be91ad72-b0da-4d8a-b889-1951c66827ff
Set Character Animation - Resetting Pose
Save Value - Source: Party
Save Value - Variable: 1; Property: Map X (Feet)
Save Value - Source: Party
Save Value - Variable: 2; Property: Map Y (Feet)
Save Value - Source: Party
Save Value - Variable: 3; Property: Map Z (Feet)
Save Value - Source: Party
Save Value - Variable: 4; Property: All Members - Unique ID
Get Tile Information - Coordinates: (7, 0, 7)
Get Tile Information - Height at Layer Tile: 0
Get Tile Information - Tile Tag: 0
Wait - Duration (Milliseconds): 250ms; Block Input: False
Save Value - Source: Party
Save Value - Variable: 1; Property: Map X (Feet)
Save Value - Source: Party
Save Value - Variable: 2; Property: Map Y (Feet)
Save Value - Source: Party
Save Value - Variable: 3; Property: Map Z (Feet)
Save Value - Source: Party
Save Value - Variable: 4; Property: All Members - Unique ID
Get Tile Information - Coordinates: (7.06, 0, 7)
Get Tile Information - Height at Layer Tile: 0
Get Tile Information - Tile Tag: 0
Wait - Duration (Milliseconds): 250ms; Block Input: False
Save Value - Source: Party
Save Value - Variable: 1; Property: Map X (Feet)
Save Value - Source: Party
Save Value - Variable: 2; Property: Map Y (Feet)
Save Value - Source: Party
Save Value - Variable: 3; Property: Map Z (Feet)
Save Value - Source: Party
Save Value - Variable: 4; Property: All Members - Unique ID
Get Tile Information - Coordinates: (7.45, 0, 7)
Get Tile Information - Height at Layer Tile: 0
Get Tile Information - Tile Tag: 0
Wait - Duration (Milliseconds): 250ms; Block Input: False
Set Character Animation - Setting to: chopping
Wait - Duration (Milliseconds): 1000ms; Block Input: False
Save Value - Source: Party
Save Value - Variable: 1; Property: Map X (Feet)
Save Value - Source: Party
Save Value - Variable: 2; Property: Map Y (Feet)
Save Value - Source: Party
Save Value - Variable: 3; Property: Map Z (Feet)
Save Value - Source: Party
Save Value - Variable: 4; Property: All Members - Unique ID
Get Tile Information - Coordinates: (7.84, 0, 7)
Get Tile Information - Height at Layer Tile: 0
Get Tile Information - Tile Tag: 0
Wait - Duration (Milliseconds): 250ms; Block Input: False
Save Value - Source: Party
Save Value - Variable: 1; Property: Map X (Feet)
Save Value - Source: Party
Save Value - Variable: 2; Property: Map Y (Feet)
Save Value - Source: Party
Save Value - Variable: 3; Property: Map Z (Feet)
Save Value - Source: Party
Save Value - Variable: 4; Property: All Members - Unique ID
Get Tile Information - Coordinates: (8, 0, 7)
Get Tile Information - Height at Layer Tile: 0
Get Tile Information - Tile Tag: 0
Wait - Duration (Milliseconds): 250ms; Block Input: False
Save Value - Source: Party
Save Value - Variable: 1; Property: Map X (Feet)
Save Value - Source: Party
Save Value - Variable: 2; Property: Map Y (Feet)
Save Value - Source: Party
Save Value - Variable: 3; Property: Map Z (Feet)
Save Value - Source: Party
Save Value - Variable: 4; Property: All Members - Unique ID
Get Tile Information - Coordinates: (8, 0, 7)
Get Tile Information - Height at Layer Tile: 0
Get Tile Information - Tile Tag: 0
Wait - Duration (Milliseconds): 250ms; Block Input: False
Save Value - Source: Party
Save Value - Variable: 1; Property: Map X (Feet)
Save Value - Source: Party
Save Value - Variable: 2; Property: Map Y (Feet)
Save Value - Source: Party
Save Value - Variable: 3; Property: Map Z (Feet)
Save Value - Source: Party
Save Value - Variable: 4; Property: All Members - Unique ID
Get Tile Information - Coordinates: (8, 0, 7)
Get Tile Information - Height at Layer Tile: 0
Get Tile Information - Tile Tag: 0
Wait - Duration (Milliseconds): 250ms; Block Input: False
Spawn Entity - Adding Entity: 1; Position: (8, 0.375, 7); Resulting Unique ID: 8553dd9e-751a-4232-84fc-ced5e83b5409
Set Character Animation - Resetting Pose
Save Value - Source: Party
Save Value - Variable: 1; Property: Map X (Feet)
Save Value - Source: Party
Save Value - Variable: 2; Property: Map Y (Feet)
Save Value - Source: Party
Save Value - Variable: 3; Property: Map Z (Feet)
Save Value - Source: Party
Save Value - Variable: 4; Property: All Members - Unique ID
Get Tile Information - Coordinates: (8, 0, 7)
Get Tile Information - Height at Layer Tile: 0
Get Tile Information - Tile Tag: 0
Wait - Duration (Milliseconds): 250ms; Block Input: False
Save Value - Source: Party
Save Value - Variable: 1; Property: Map X (Feet)
Save Value - Source: Party
Save Value - Variable: 2; Property: Map Y (Feet)
Save Value - Source: Party
Save Value - Variable: 3; Property: Map Z (Feet)
Save Value - Source: Party
Save Value - Variable: 4; Property: All Members - Unique ID
Get Tile Information - Coordinates: (8.27, 0, 7)
Get Tile Information - Height at Layer Tile: 0
Get Tile Information - Tile Tag: 0
Wait - Duration (Milliseconds): 250ms; Block Input: False
Save Value - Source: Party
Save Value - Variable: 1; Property: Map X (Feet)
Save Value - Source: Party
Save Value - Variable: 2; Property: Map Y (Feet)
Save Value - Source: Party
Save Value - Variable: 3; Property: Map Z (Feet)
Save Value - Source: Party
Save Value - Variable: 4; Property: All Members - Unique ID
Get Tile Information - Coordinates: (8.66, 0, 7)
Get Tile Information - Height at Layer Tile: 0
Get Tile Information - Tile Tag: 0
Wait - Duration (Milliseconds): 250ms; Block Input: False
Set Character Animation - Setting to: chopping
Wait - Duration (Milliseconds): 1000ms; Block Input: False
Save Value - Source: Party
Save Value - Variable: 1; Property: Map X (Feet)
Save Value - Source: Party
Save Value - Variable: 2; Property: Map Y (Feet)
Save Value - Source: Party
Save Value - Variable: 3; Property: Map Z (Feet)
Save Value - Source: Party
Save Value - Variable: 4; Property: All Members - Unique ID
Get Tile Information - Coordinates: (9, 0, 7)
Get Tile Information - Height at Layer Tile: 0
Get Tile Information - Tile Tag: 0
Wait - Duration (Milliseconds): 250ms; Block Input: False
Save Value - Source: Party
Save Value - Variable: 1; Property: Map X (Feet)
Save Value - Source: Party
Save Value - Variable: 2; Property: Map Y (Feet)
Save Value - Source: Party
Save Value - Variable: 3; Property: Map Z (Feet)
Save Value - Source: Party
Save Value - Variable: 4; Property: All Members - Unique ID
Get Tile Information - Coordinates: (9, 0, 7)
Get Tile Information - Height at Layer Tile: 0
Get Tile Information - Tile Tag: 0
Wait - Duration (Milliseconds): 250ms; Block Input: False
Save Value - Source: Party
Save Value - Variable: 1; Property: Map X (Feet)
Save Value - Source: Party
Save Value - Variable: 2; Property: Map Y (Feet)
Save Value - Source: Party
Save Value - Variable: 3; Property: Map Z (Feet)
Save Value - Source: Party
Save Value - Variable: 4; Property: All Members - Unique ID
Get Tile Information - Coordinates: (9, 0, 7)
Get Tile Information - Height at Layer Tile: 0
Get Tile Information - Tile Tag: 0
Wait - Duration (Milliseconds): 250ms; Block Input: False
Save Value - Source: Party
Save Value - Variable: 1; Property: Map X (Feet)
Save Value - Source: Party
Save Value - Variable: 2; Property: Map Y (Feet)
Save Value - Source: Party
Save Value - Variable: 3; Property: Map Z (Feet)
Save Value - Source: Party
Save Value - Variable: 4; Property: All Members - Unique ID
Get Tile Information - Coordinates: (9, 0, 7)
Get Tile Information - Height at Layer Tile: 0
Get Tile Information - Tile Tag: 0
Wait - Duration (Milliseconds): 250ms; Block Input: False
Spawn Entity - Adding Entity: 0; Position: (9, 0.375, 7); Resulting Unique ID: eb2d2bad-0775-4da2-b103-72249773602d
Set Character Animation - Resetting Pose
Save Value - Source: Party
Save Value - Variable: 1; Property: Map X (Feet)
Save Value - Source: Party
Save Value - Variable: 2; Property: Map Y (Feet)
Save Value - Source: Party
Save Value - Variable: 3; Property: Map Z (Feet)
Save Value - Source: Party
Save Value - Variable: 4; Property: All Members - Unique ID
Get Tile Information - Coordinates: (9, 0, 7)
Get Tile Information - Height at Layer Tile: 0
Get Tile Information - Tile Tag: 0
Wait - Duration (Milliseconds): 250ms; Block Input: False
Save Value - Source: Party
Save Value - Variable: 1; Property: Map X (Feet)
Save Value - Source: Party
Save Value - Variable: 2; Property: Map Y (Feet)
Save Value - Source: Party
Save Value - Variable: 3; Property: Map Z (Feet)
Save Value - Source: Party
Save Value - Variable: 4; Property: All Members - Unique ID
Get Tile Information - Coordinates: (9.03, 0, 7)
Get Tile Information - Height at Layer Tile: 0
Get Tile Information - Tile Tag: 0
Wait - Duration (Milliseconds): 250ms; Block Input: False
Save Value - Source: Party
Save Value - Variable: 1; Property: Map X (Feet)
Save Value - Source: Party
Save Value - Variable: 2; Property: Map Y (Feet)
Save Value - Source: Party
Save Value - Variable: 3; Property: Map Z (Feet)
Save Value - Source: Party
Save Value - Variable: 4; Property: All Members - Unique ID
Get Tile Information - Coordinates: (9.42, 0, 7)
Get Tile Information - Height at Layer Tile: 0
Get Tile Information - Tile Tag: 0
Wait - Duration (Milliseconds): 250ms; Block Input: False
Set Character Animation - Setting to: chopping
Wait - Duration (Milliseconds): 1000ms; Block Input: False
Save Value - Source: Party
Save Value - Variable: 1; Property: Map X (Feet)
Save Value - Source: Party
Save Value - Variable: 2; Property: Map Y (Feet)
Save Value - Source: Party
Save Value - Variable: 3; Property: Map Z (Feet)
Save Value - Source: Party
Save Value - Variable: 4; Property: All Members - Unique ID
Get Tile Information - Coordinates: (9.81, 0, 7)
Get Tile Information - Height at Layer Tile: 0
Get Tile Information - Tile Tag: 0
Wait - Duration (Milliseconds): 250ms; Block Input: False
Save Value - Source: Party
Save Value - Variable: 1; Property: Map X (Feet)
Save Value - Source: Party
Save Value - Variable: 2; Property: Map Y (Feet)
Save Value - Source: Party
Save Value - Variable: 3; Property: Map Z (Feet)
Save Value - Source: Party
Save Value - Variable: 4; Property: All Members - Unique ID
Get Tile Information - Coordinates: (10, 0, 7)
Get Tile Information - Height at Layer Tile: 0
Get Tile Information - Tile Tag: 0
Wait - Duration (Milliseconds): 250ms; Block Input: False
Save Value - Source: Party
Save Value - Variable: 1; Property: Map X (Feet)
Save Value - Source: Party
Save Value - Variable: 2; Property: Map Y (Feet)
Save Value - Source: Party
Save Value - Variable: 3; Property: Map Z (Feet)
Save Value - Source: Party
Save Value - Variable: 4; Property: All Members - Unique ID
Get Tile Information - Coordinates: (10, 0, 7)
Get Tile Information - Height at Layer Tile: 0
Get Tile Information - Tile Tag: 0
Wait - Duration (Milliseconds): 250ms; Block Input: False
Save Value - Source: Party
Save Value - Variable: 1; Property: Map X (Feet)
Save Value - Source: Party
Save Value - Variable: 2; Property: Map Y (Feet)
Save Value - Source: Party
Save Value - Variable: 3; Property: Map Z (Feet)
Save Value - Source: Party
Save Value - Variable: 4; Property: All Members - Unique ID
Get Tile Information - Coordinates: (10, 0, 7)
Get Tile Information - Height at Layer Tile: 0
Get Tile Information - Tile Tag: 0
Wait - Duration (Milliseconds): 250ms; Block Input: False
Spawn Entity - Adding Entity: 1; Position: (10, 0.375, 7); Resulting Unique ID: 156f3f96-95dc-47b0-b13e-f33c1f028d75
Set Character Animation - Resetting Pose
Save Value - Source: Party
Save Value - Variable: 1; Property: Map X (Feet)
Save Value - Source: Party
Save Value - Variable: 2; Property: Map Y (Feet)
Save Value - Source: Party
Save Value - Variable: 3; Property: Map Z (Feet)
Save Value - Source: Party
Save Value - Variable: 4; Property: All Members - Unique ID
Get Tile Information - Coordinates: (10, 0, 7)
Get Tile Information - Height at Layer Tile: 0
Get Tile Information - Tile Tag: 0
Wait - Duration (Milliseconds): 250ms; Block Input: False
Save Value - Source: Party
Save Value - Variable: 1; Property: Map X (Feet)
Save Value - Source: Party
Save Value - Variable: 2; Property: Map Y (Feet)
Save Value - Source: Party
Save Value - Variable: 3; Property: Map Z (Feet)
Save Value - Source: Party
Save Value - Variable: 4; Property: All Members - Unique ID
Get Tile Information - Coordinates: (10, 0, 7)
Get Tile Information - Height at Layer Tile: 0
Get Tile Information - Tile Tag: 0
Wait - Duration (Milliseconds): 250ms; Block Input: False
Save Value - Source: Party
Save Value - Variable: 1; Property: Map X (Feet)
Save Value - Source: Party
Save Value - Variable: 2; Property: Map Y (Feet)
Save Value - Source: Party
Save Value - Variable: 3; Property: Map Z (Feet)
Save Value - Source: Party
Save Value - Variable: 4; Property: All Members - Unique ID
Get Tile Information - Coordinates: (10, 0, 7)
Get Tile Information - Height at Layer Tile: 0
Get Tile Information - Tile Tag: 0
Wait - Duration (Milliseconds): 250ms; Block Input: False
Save Value - Source: Party
Save Value - Variable: 1; Property: Map X (Feet)
Save Value - Source: Party
Save Value - Variable: 2; Property: Map Y (Feet)
Save Value - Source: Party
Save Value - Variable: 3; Property: Map Z (Feet)
Save Value - Source: Party
Save Value - Variable: 4; Property: All Members - Unique ID
Get Tile Information - Coordinates: (10, 0, 7)
Get Tile Information - Height at Layer Tile: 0
Get Tile Information - Tile Tag: 0
Wait - Duration (Milliseconds): 250ms; Block Input: False
Save Value - Source: Party
Save Value - Variable: 1; Property: Map X (Feet)
Save Value - Source: Party
Save Value - Variable: 2; Property: Map Y (Feet)
Save Value - Source: Party
Save Value - Variable: 3; Property: Map Z (Feet)
Save Value - Source: Party
Save Value - Variable: 4; Property: All Members - Unique ID
Get Tile Information - Coordinates: (10, 0, 7)
Get Tile Information - Height at Layer Tile: 0
Get Tile Information - Tile Tag: 0
Wait - Duration (Milliseconds): 250ms; Block Input: False
Save Value - Source: Party
Save Value - Variable: 1; Property: Map X (Feet)
Save Value - Source: Party
Save Value - Variable: 2; Property: Map Y (Feet)
Save Value - Source: Party
Save Value - Variable: 3; Property: Map Z (Feet)
Save Value - Source: Party
Save Value - Variable: 4; Property: All Members - Unique ID
Get Tile Information - Coordinates: (10, 0, 7)
Get Tile Information - Height at Layer Tile: 0
Get Tile Information - Tile Tag: 0
Wait - Duration (Milliseconds): 250ms; Block Input: False
Save Value - Source: Party
Save Value - Variable: 1; Property: Map X (Feet)
Save Value - Source: Party
Save Value - Variable: 2; Property: Map Y (Feet)
Save Value - Source: Party
Save Value - Variable: 3; Property: Map Z (Feet)
Save Value - Source: Party
Save Value - Variable: 4; Property: All Members - Unique ID
Get Tile Information - Coordinates: (10, 0, 7)
Get Tile Information - Height at Layer Tile: 0
Get Tile Information - Tile Tag: 0
Wait - Duration (Milliseconds): 250ms; Block Input: False
Save Value - Source: Party
Save Value - Variable: 1; Property: Map X (Feet)
Save Value - Source: Party
Save Value - Variable: 2; Property: Map Y (Feet)
Save Value - Source: Party
Save Value - Variable: 3; Property: Map Z (Feet)
Save Value - Source: Party
Save Value - Variable: 4; Property: All Members - Unique ID
Get Tile Information - Coordinates: (10, 0, 7)
Get Tile Information - Height at Layer Tile: 0
Get Tile Information - Tile Tag: 0
Wait - Duration (Milliseconds): 250ms; Block Input: False
Save Value - Source: Party
Save Value - Variable: 1; Property: Map X (Feet)
Save Value - Source: Party
Save Value - Variable: 2; Property: Map Y (Feet)
Save Value - Source: Party
Save Value - Variable: 3; Property: Map Z (Feet)
Save Value - Source: Party
Save Value - Variable: 4; Property: All Members - Unique ID
Get Tile Information - Coordinates: (10, 0, 7)
Get Tile Information - Height at Layer Tile: 0
Get Tile Information - Tile Tag: 0
Wait - Duration (Milliseconds): 250ms; Block Input: False
Save Value - Source: Party
Save Value - Variable: 1; Property: Map X (Feet)
Save Value - Source: Party
Save Value - Variable: 2; Property: Map Y (Feet)
Save Value - Source: Party
Save Value - Variable: 3; Property: Map Z (Feet)
Save Value - Source: Party
Save Value - Variable: 4; Property: All Members - Unique ID
Get Tile Information - Coordinates: (10, 0, 7)
Get Tile Information - Height at Layer Tile: 0
Get Tile Information - Tile Tag: 0
Wait - Duration (Milliseconds): 250ms; Block Input: False
Save Value - Source: Party
Save Value - Variable: 1; Property: Map X (Feet)
Save Value - Source: Party
Save Value - Variable: 2; Property: Map Y (Feet)
Save Value - Source: Party
Save Value - Variable: 3; Property: Map Z (Feet)
Save Value - Source: Party
Save Value - Variable: 4; Property: All Members - Unique ID
Get Tile Information - Coordinates: (10, 0, 7)
Get Tile Information - Height at Layer Tile: 0
Get Tile Information - Tile Tag: 0
Wait - Duration (Milliseconds): 250ms; Block Input: False
Save Value - Source: Party
Save Value - Variable: 1; Property: Map X (Feet)
Save Value - Source: Party
Save Value - Variable: 2; Property: Map Y (Feet)
Save Value - Source: Party
Save Value - Variable: 3; Property: Map Z (Feet)
Save Value - Source: Party
Save Value - Variable: 4; Property: All Members - Unique ID
Get Tile Information - Coordinates: (10, 0, 7)
Get Tile Information - Height at Layer Tile: 0
Get Tile Information - Tile Tag: 0
Wait - Duration (Milliseconds): 250ms; Block Input: False
Save Value - Source: Party
Save Value - Variable: 1; Property: Map X (Feet)
Save Value - Source: Party
Save Value - Variable: 2; Property: Map Y (Feet)
Save Value - Source: Party
Save Value - Variable: 3; Property: Map Z (Feet)
Save Value - Source: Party
Save Value - Variable: 4; Property: All Members - Unique ID
Get Tile Information - Coordinates: (10, 0, 7)
Get Tile Information - Height at Layer Tile: 0
Get Tile Information - Tile Tag: 0
Wait - Duration (Milliseconds): 250ms; Block Input: False
Save Value - Source: Party
Save Value - Variable: 1; Property: Map X (Feet)
Save Value - Source: Party
Save Value - Variable: 2; Property: Map Y (Feet)
Save Value - Source: Party
Save Value - Variable: 3; Property: Map Z (Feet)
Save Value - Source: Party
Save Value - Variable: 4; Property: All Members - Unique ID
Get Tile Information - Coordinates: (10, 0, 7)
Get Tile Information - Height at Layer Tile: 0
Get Tile Information - Tile Tag: 0
Wait - Duration (Milliseconds): 250ms; Block Input: False
Save Value - Source: Party
Save Value - Variable: 1; Property: Map X (Feet)
Save Value - Source: Party
Save Value - Variable: 2; Property: Map Y (Feet)
Save Value - Source: Party
Save Value - Variable: 3; Property: Map Z (Feet)
Save Value - Source: Party
Save Value - Variable: 4; Property: All Members - Unique ID
Get Tile Information - Coordinates: (10, 0, 7)
Get Tile Information - Height at Layer Tile: 0
Get Tile Information - Tile Tag: 0
Wait - Duration (Milliseconds): 250ms; Block Input: False
Save Value - Source: Party
Save Value - Variable: 1; Property: Map X (Feet)
Save Value - Source: Party
Save Value - Variable: 2; Property: Map Y (Feet)
Save Value - Source: Party
Save Value - Variable: 3; Property: Map Z (Feet)
Save Value - Source: Party
Save Value - Variable: 4; Property: All Members - Unique ID
Get Tile Information - Coordinates: (10, 0, 7)
Get Tile Information - Height at Layer Tile: 0
Get Tile Information - Tile Tag: 0
Wait - Duration (Milliseconds): 250ms; Block Input: False
Save Value - Source: Party
Save Value - Variable: 1; Property: Map X (Feet)
Save Value - Source: Party
Save Value - Variable: 2; Property: Map Y (Feet)
Save Value - Source: Party
Save Value - Variable: 3; Property: Map Z (Feet)
Save Value - Source: Party
Save Value - Variable: 4; Property: All Members - Unique ID
Get Tile Information - Coordinates: (10, 0, 7)
Get Tile Information - Height at Layer Tile: 0
Get Tile Information - Tile Tag: 0
Wait - Duration (Milliseconds): 250ms; Block Input: False
Save Value - Source: Party
Save Value - Variable: 1; Property: Map X (Feet)
Save Value - Source: Party
Save Value - Variable: 2; Property: Map Y (Feet)
Save Value - Source: Party
Save Value - Variable: 3; Property: Map Z (Feet)
Save Value - Source: Party
Save Value - Variable: 4; Property: All Members - Unique ID
Get Tile Information - Coordinates: (10, 0, 7)
Get Tile Information - Height at Layer Tile: 0
Get Tile Information - Tile Tag: 0
Wait - Duration (Milliseconds): 250ms; Block Input: False
Save Value - Source: Party
Save Value - Variable: 1; Property: Map X (Feet)
Save Value - Source: Party
Save Value - Variable: 2; Property: Map Y (Feet)
Save Value - Source: Party
Save Value - Variable: 3; Property: Map Z (Feet)
Save Value - Source: Party
Save Value - Variable: 4; Property: All Members - Unique ID
Get Tile Information - Coordinates: (10, 0, 7)
Get Tile Information - Height at Layer Tile: 0
Get Tile Information - Tile Tag: 0
Wait - Duration (Milliseconds): 250ms; Block Input: False
Save Value - Source: Party
Save Value - Variable: 1; Property: Map X (Feet)
Save Value - Source: Party
Save Value - Variable: 2; Property: Map Y (Feet)
Save Value - Source: Party
Save Value - Variable: 3; Property: Map Z (Feet)
Save Value - Source: Party
Save Value - Variable: 4; Property: All Members - Unique ID
Get Tile Information - Coordinates: (10, 0, 7)
Get Tile Information - Height at Layer Tile: 0
Get Tile Information - Tile Tag: 0
Wait - Duration (Milliseconds): 250ms; Block Input: False
